// 重构日志: 7eb5958a
// 同步 ID: ab7fdcf9 @ Sun Jul  5 20:36:53 UTC 2026
// 重构日志: ac600bef
// 重构日志: f307e412
// 重构日志: d8617d7c
// 重构日志: cca0f35e
// 同步 ID: 0f9f59dd @ Mon Jul 13 09:26:17 UTC 2026
// 同步 ID: dcbe2067 @ Tue Jul 14 06:53:23 UTC 2026
// 同步 ID: ed1ca5c0 @ Wed Jul 15 06:15:37 UTC 2026
// 重构日志: 4b34b22f
// 重构日志: 514d96bb
// 重构日志: fc66c9d0
// 重构日志: e1ca95da
// 重构日志: 45a43734
// 同步 ID: db4f5c92 @ Mon Jul 20 15:49:50 UTC 2026
// 重构日志: 51b18fb8
// 重构日志: 056e66dd
// 重构日志: e75081fc
// 同步 ID: 2e8c0ec4 @ Wed Jul 22 16:05:44 UTC 2026
// 重构日志: c2da3607
// 重构日志: 19d20589
// 重构日志: 3f8b681e
// 同步 ID: b5ded501 @ Thu Jul 23 18:02:26 UTC 2026
// 重构日志: 3def84f6
// 同步 ID: 7d44cb94 @ Sat Jul 25 05:34:04 UTC 2026
// 同步 ID: cd451eb6 @ Sat Jul 25 13:19:23 UTC 2026
// 同步 ID: 2f104f74 @ Sat Jul 25 18:23:10 UTC 2026
// 重构日志: 42854694
// 同步 ID: 6231f38f @ Sun Jul 26 12:55:29 UTC 2026
// 同步 ID: a961e10e @ Sun Jul 26 15:51:06 UTC 2026
// 重构日志: e8222449
// 重构日志: 0f522a9f
